[2025-08-23 10:28:33] === Avvio applicazione ===

[2025-09-01 19:21:08] === Avvio applicazione ===

[2025-09-01 19:21:50] === Avvio applicazione ===

[2025-09-01 19:22:45] === Avvio applicazione ===

[2026-07-13 17:23:10] === Avvio applicazione ===

[2026-07-13 17:24:10] === Avvio applicazione ===

[2026-08-03 12:55:19] === Avvio applicazione ===

[2026-08-03 13:17:52] === Avvio applicazione ===

[2026-08-03 13:20:56] === Avvio applicazione ===

[2026-08-03 14:16:22] === Avvio applicazione ===

[2026-08-03 14:16:23] Exception in Application start method

java.lang.RuntimeException: Exception in Application start method

	at javafx.graphics@24.0.1/com.sun.javafx.application.LauncherImpl.launchApplication1(LauncherImpl.java:894)

	at javafx.graphics@24.0.1/com.sun.javafx.application.LauncherImpl.lambda$launchApplication$0(LauncherImpl.java:197)

	at java.base/java.lang.Thread.run(Thread.java:1447)

Caused by: javafx.fxml.LoadException: 
/C:/DEV/Java/The-Knife/target/classes/GUI/main.fxml:11


	at javafx.fxml@24.0.1/javafx.fxml.FXMLLoader.constructLoadException(FXMLLoader.java:2692)
com.gruppo10.controller
	at javafx.fxml@24.0.1/javafx.fxml.FXMLLoader$ValueElement.processAttribute(FXMLLoader.java:922)

	at javafx.fxml@24.0.1/javafx.fxml.FXMLLoader$InstanceDeclarationElement.processAttribute(FXMLLoader.java:970)

	at javafx.fxml@24.0.1/javafx.fxml.FXMLLoader$Element.processStartElement(FXMLLoader.java:217)

	at javafx.fxml@24.0.1/javafx.fxml.FXMLLoader$ValueElement.processStartElement(FXMLLoader.java:744)

	at javafx.fxml@24.0.1/javafx.fxml.FXMLLoader.processStartElement(FXMLLoader.java:2823)

	at javafx.fxml@24.0.1/javafx.fxml.FXMLLoader.loadImpl(FXMLLoader.java:2619)

	at javafx.fxml@24.0.1/javafx.fxml.FXMLLoader.loadImpl(FXMLLoader.java:2533)

	at javafx.fxml@24.0.1/javafx.fxml.FXMLLoader.load(FXMLLoader.java:2503)

	at com.gruppo10.TheKnife.start(TheKnife.java:40)

	at javafx.graphics@24.0.1/com.sun.javafx.application.LauncherImpl.lambda$launchApplication1$7(LauncherImpl.java:840)

	at javafx.graphics@24.0.1/com.sun.javafx.application.PlatformImpl.lambda$runAndWait$5(PlatformImpl.java:444)

	at javafx.graphics@24.0.1/com.sun.javafx.application.PlatformImpl.lambda$runLater$4(PlatformImpl.java:419)

	at javafx.graphics@24.0.1/com.sun.glass.ui.InvokeLaterDispatcher$Future.run(InvokeLaterDispatcher.java:95)

	at javafx.graphics@24.0.1/com.sun.glass.ui.win.WinApplication._runLoop(Native Method)

	at javafx.graphics@24.0.1/com.sun.glass.ui.win.WinApplication.lambda$runLoop$0(WinApplication.java:168)

	... 1 more

Caused by: java.lang.ClassNotFoundException: com.gruppo10.controller.MainController

	at java.base/jdk.internal.loader.BuiltinClassLoader.loadClass(BuiltinClassLoader.java:580)

	at java.base/java.lang.ClassLoader.loadClass(ClassLoader.java:490)

	at javafx.fxml@24.0.1/javafx.fxml.FXMLLoader$ValueElement.processAttribute(FXMLLoader.java:920)

	... 15 more

[2026-08-03 14:19:48] === Avvio applicazione ===

